2026-05-14 05:21:50 +01:00: ⨯ Failed to start server
2026-05-14 05:21:50 +01:00: Error: listen EADDRINUSE: address already in use :::3000
2026-05-14 05:21:50 +01:00:     at <unknown> (Error: listen EADDRINUSE: address already in use :::3000)
2026-05-14 05:21:50 +01:00:     at new Promise (<anonymous>) {
2026-05-14 05:21:50 +01:00:   code: 'EADDRINUSE',
2026-05-14 05:21:50 +01:00:   errno: -98,
2026-05-14 05:21:50 +01:00:   syscall: 'listen',
2026-05-14 05:21:50 +01:00:   address: '::',
2026-05-14 05:21:50 +01:00:   port: 3000
2026-05-14 05:21:50 +01:00: }
2026-05-14 05:21:56 +01:00: ⨯ Failed to start server
2026-05-14 05:21:56 +01:00: Error: listen EADDRINUSE: address already in use :::3000
2026-05-14 05:21:56 +01:00:     at <unknown> (Error: listen EADDRINUSE: address already in use :::3000)
2026-05-14 05:21:56 +01:00:     at new Promise (<anonymous>) {
2026-05-14 05:21:56 +01:00:   code: 'EADDRINUSE',
2026-05-14 05:21:56 +01:00:   errno: -98,
2026-05-14 05:21:56 +01:00:   syscall: 'listen',
2026-05-14 05:21:56 +01:00:   address: '::',
2026-05-14 05:21:56 +01:00:   port: 3000
2026-05-14 05:21:56 +01:00: }
2026-05-14 05:22:01 +01:00: ⨯ Failed to start server
2026-05-14 05:22:01 +01:00: Error: listen EADDRINUSE: address already in use :::3000
2026-05-14 05:22:01 +01:00:     at <unknown> (Error: listen EADDRINUSE: address already in use :::3000)
2026-05-14 05:22:01 +01:00:     at new Promise (<anonymous>) {
2026-05-14 05:22:01 +01:00:   code: 'EADDRINUSE',
2026-05-14 05:22:01 +01:00:   errno: -98,
2026-05-14 05:22:01 +01:00:   syscall: 'listen',
2026-05-14 05:22:01 +01:00:   address: '::',
2026-05-14 05:22:01 +01:00:   port: 3000
2026-05-14 05:22:01 +01:00: }
2026-05-14 05:22:06 +01:00: ⨯ Failed to start server
2026-05-14 05:22:06 +01:00: Error: listen EADDRINUSE: address already in use :::3000
2026-05-14 05:22:06 +01:00:     at <unknown> (Error: listen EADDRINUSE: address already in use :::3000)
2026-05-14 05:22:06 +01:00:     at new Promise (<anonymous>) {
2026-05-14 05:22:06 +01:00:   code: 'EADDRINUSE',
2026-05-14 05:22:06 +01:00:   errno: -98,
2026-05-14 05:22:06 +01:00:   syscall: 'listen',
2026-05-14 05:22:06 +01:00:   address: '::',
2026-05-14 05:22:06 +01:00:   port: 3000
2026-05-14 05:22:06 +01:00: }
2026-05-14 05:22:12 +01:00: ⨯ Failed to start server
2026-05-14 05:22:12 +01:00: Error: listen EADDRINUSE: address already in use :::3000
2026-05-14 05:22:12 +01:00:     at <unknown> (Error: listen EADDRINUSE: address already in use :::3000)
2026-05-14 05:22:12 +01:00:     at new Promise (<anonymous>) {
2026-05-14 05:22:12 +01:00:   code: 'EADDRINUSE',
2026-05-14 05:22:12 +01:00:   errno: -98,
2026-05-14 05:22:12 +01:00:   syscall: 'listen',
2026-05-14 05:22:12 +01:00:   address: '::',
2026-05-14 05:22:12 +01:00:   port: 3000
2026-05-14 05:22:12 +01:00: }
2026-05-14 05:22:17 +01:00: ⨯ Failed to start server
2026-05-14 05:22:17 +01:00: Error: listen EADDRINUSE: address already in use :::3000
2026-05-14 05:22:17 +01:00:     at <unknown> (Error: listen EADDRINUSE: address already in use :::3000)
2026-05-14 05:22:17 +01:00:     at new Promise (<anonymous>) {
2026-05-14 05:22:17 +01:00:   code: 'EADDRINUSE',
2026-05-14 05:22:17 +01:00:   errno: -98,
2026-05-14 05:22:17 +01:00:   syscall: 'listen',
2026-05-14 05:22:17 +01:00:   address: '::',
2026-05-14 05:22:17 +01:00:   port: 3000
2026-05-14 05:22:17 +01:00: }
2026-05-14 05:22:23 +01:00: ⨯ Failed to start server
2026-05-14 05:22:23 +01:00: Error: listen EADDRINUSE: address already in use :::3000
2026-05-14 05:22:23 +01:00:     at <unknown> (Error: listen EADDRINUSE: address already in use :::3000)
2026-05-14 05:22:23 +01:00:     at new Promise (<anonymous>) {
2026-05-14 05:22:23 +01:00:   code: 'EADDRINUSE',
2026-05-14 05:22:23 +01:00:   errno: -98,
2026-05-14 05:22:23 +01:00:   syscall: 'listen',
2026-05-14 05:22:23 +01:00:   address: '::',
2026-05-14 05:22:23 +01:00:   port: 3000
2026-05-14 05:22:23 +01:00: }
2026-05-14 05:22:28 +01:00: ⨯ Failed to start server
2026-05-14 05:22:28 +01:00: Error: listen EADDRINUSE: address already in use :::3000
2026-05-14 05:22:28 +01:00:     at <unknown> (Error: listen EADDRINUSE: address already in use :::3000)
2026-05-14 05:22:28 +01:00:     at new Promise (<anonymous>) {
2026-05-14 05:22:28 +01:00:   code: 'EADDRINUSE',
2026-05-14 05:22:28 +01:00:   errno: -98,
2026-05-14 05:22:28 +01:00:   syscall: 'listen',
2026-05-14 05:22:28 +01:00:   address: '::',
2026-05-14 05:22:28 +01:00:   port: 3000
2026-05-14 05:22:28 +01:00: }
2026-05-14 05:22:34 +01:00: ⨯ Failed to start server
2026-05-14 05:22:34 +01:00: Error: listen EADDRINUSE: address already in use :::3000
2026-05-14 05:22:34 +01:00:     at <unknown> (Error: listen EADDRINUSE: address already in use :::3000)
2026-05-14 05:22:34 +01:00:     at new Promise (<anonymous>) {
2026-05-14 05:22:34 +01:00:   code: 'EADDRINUSE',
2026-05-14 05:22:34 +01:00:   errno: -98,
2026-05-14 05:22:34 +01:00:   syscall: 'listen',
2026-05-14 05:22:34 +01:00:   address: '::',
2026-05-14 05:22:34 +01:00:   port: 3000
2026-05-14 05:22:34 +01:00: }
2026-05-14 05:22:39 +01:00: ⨯ Failed to start server
2026-05-14 05:22:39 +01:00: Error: listen EADDRINUSE: address already in use :::3000
2026-05-14 05:22:39 +01:00:     at <unknown> (Error: listen EADDRINUSE: address already in use :::3000)
2026-05-14 05:22:39 +01:00:     at new Promise (<anonymous>) {
2026-05-14 05:22:39 +01:00:   code: 'EADDRINUSE',
2026-05-14 05:22:39 +01:00:   errno: -98,
2026-05-14 05:22:39 +01:00:   syscall: 'listen',
2026-05-14 05:22:39 +01:00:   address: '::',
2026-05-14 05:22:39 +01:00:   port: 3000
2026-05-14 05:22:39 +01:00: }
2026-05-14 05:22:45 +01:00: ⨯ Failed to start server
2026-05-14 05:22:45 +01:00: Error: listen EADDRINUSE: address already in use :::3000
2026-05-14 05:22:45 +01:00:     at <unknown> (Error: listen EADDRINUSE: address already in use :::3000)
2026-05-14 05:22:45 +01:00:     at new Promise (<anonymous>) {
2026-05-14 05:22:45 +01:00:   code: 'EADDRINUSE',
2026-05-14 05:22:45 +01:00:   errno: -98,
2026-05-14 05:22:45 +01:00:   syscall: 'listen',
2026-05-14 05:22:45 +01:00:   address: '::',
2026-05-14 05:22:45 +01:00:   port: 3000
2026-05-14 05:22:45 +01:00: }
2026-05-14 05:22:50 +01:00: ⨯ Failed to start server
2026-05-14 05:22:50 +01:00: Error: listen EADDRINUSE: address already in use :::3000
2026-05-14 05:22:50 +01:00:     at <unknown> (Error: listen EADDRINUSE: address already in use :::3000)
2026-05-14 05:22:50 +01:00:     at new Promise (<anonymous>) {
2026-05-14 05:22:50 +01:00:   code: 'EADDRINUSE',
2026-05-14 05:22:50 +01:00:   errno: -98,
2026-05-14 05:22:50 +01:00:   syscall: 'listen',
2026-05-14 05:22:50 +01:00:   address: '::',
2026-05-14 05:22:50 +01:00:   port: 3000
2026-05-14 05:22:50 +01:00: }
2026-05-14 05:22:55 +01:00: ⨯ Failed to start server
2026-05-14 05:22:55 +01:00: Error: listen EADDRINUSE: address already in use :::3000
2026-05-14 05:22:55 +01:00:     at <unknown> (Error: listen EADDRINUSE: address already in use :::3000)
2026-05-14 05:22:55 +01:00:     at new Promise (<anonymous>) {
2026-05-14 05:22:55 +01:00:   code: 'EADDRINUSE',
2026-05-14 05:22:55 +01:00:   errno: -98,
2026-05-14 05:22:55 +01:00:   syscall: 'listen',
2026-05-14 05:22:55 +01:00:   address: '::',
2026-05-14 05:22:55 +01:00:   port: 3000
2026-05-14 05:22:55 +01:00: }
2026-05-14 05:23:01 +01:00: ⨯ Failed to start server
2026-05-14 05:23:01 +01:00: Error: listen EADDRINUSE: address already in use :::3000
2026-05-14 05:23:01 +01:00:     at <unknown> (Error: listen EADDRINUSE: address already in use :::3000)
2026-05-14 05:23:01 +01:00:     at new Promise (<anonymous>) {
2026-05-14 05:23:01 +01:00:   code: 'EADDRINUSE',
2026-05-14 05:23:01 +01:00:   errno: -98,
2026-05-14 05:23:01 +01:00:   syscall: 'listen',
2026-05-14 05:23:01 +01:00:   address: '::',
2026-05-14 05:23:01 +01:00:   port: 3000
2026-05-14 05:23:01 +01:00: }
2026-05-14 05:23:04 +01:00: ⨯ Failed to start server
2026-05-14 05:23:04 +01:00: Error: listen EADDRINUSE: address already in use :::3001
2026-05-14 05:23:04 +01:00:     at <unknown> (Error: listen EADDRINUSE: address already in use :::3001)
2026-05-14 05:23:04 +01:00:     at new Promise (<anonymous>) {
2026-05-14 05:23:04 +01:00:   code: 'EADDRINUSE',
2026-05-14 05:23:04 +01:00:   errno: -98,
2026-05-14 05:23:04 +01:00:   syscall: 'listen',
2026-05-14 05:23:04 +01:00:   address: '::',
2026-05-14 05:23:04 +01:00:   port: 3001
2026-05-14 05:23:04 +01:00: }
2026-05-14 05:23:09 +01:00: ⨯ Failed to start server
2026-05-14 05:23:09 +01:00: Error: listen EADDRINUSE: address already in use :::3001
2026-05-14 05:23:09 +01:00:     at <unknown> (Error: listen EADDRINUSE: address already in use :::3001)
2026-05-14 05:23:09 +01:00:     at new Promise (<anonymous>) {
2026-05-14 05:23:09 +01:00:   code: 'EADDRINUSE',
2026-05-14 05:23:09 +01:00:   errno: -98,
2026-05-14 05:23:09 +01:00:   syscall: 'listen',
2026-05-14 05:23:09 +01:00:   address: '::',
2026-05-14 05:23:09 +01:00:   port: 3001
2026-05-14 05:23:09 +01:00: }
2026-05-14 05:23:15 +01:00: ⨯ Failed to start server
2026-05-14 05:23:15 +01:00: Error: listen EADDRINUSE: address already in use :::3001
2026-05-14 05:23:15 +01:00:     at <unknown> (Error: listen EADDRINUSE: address already in use :::3001)
2026-05-14 05:23:15 +01:00:     at new Promise (<anonymous>) {
2026-05-14 05:23:15 +01:00:   code: 'EADDRINUSE',
2026-05-14 05:23:15 +01:00:   errno: -98,
2026-05-14 05:23:15 +01:00:   syscall: 'listen',
2026-05-14 05:23:15 +01:00:   address: '::',
2026-05-14 05:23:15 +01:00:   port: 3001
2026-05-14 05:23:15 +01:00: }
2026-05-14 05:23:20 +01:00: ⨯ Failed to start server
2026-05-14 05:23:20 +01:00: Error: listen EADDRINUSE: address already in use :::3001
2026-05-14 05:23:20 +01:00:     at <unknown> (Error: listen EADDRINUSE: address already in use :::3001)
2026-05-14 05:23:20 +01:00:     at new Promise (<anonymous>) {
2026-05-14 05:23:20 +01:00:   code: 'EADDRINUSE',
2026-05-14 05:23:20 +01:00:   errno: -98,
2026-05-14 05:23:20 +01:00:   syscall: 'listen',
2026-05-14 05:23:20 +01:00:   address: '::',
2026-05-14 05:23:20 +01:00:   port: 3001
2026-05-14 05:23:20 +01:00: }
2026-05-14 05:23:26 +01:00: ⨯ Failed to start server
2026-05-14 05:23:26 +01:00: Error: listen EADDRINUSE: address already in use :::3001
2026-05-14 05:23:26 +01:00:     at <unknown> (Error: listen EADDRINUSE: address already in use :::3001)
2026-05-14 05:23:26 +01:00:     at new Promise (<anonymous>) {
2026-05-14 05:23:26 +01:00:   code: 'EADDRINUSE',
2026-05-14 05:23:26 +01:00:   errno: -98,
2026-05-14 05:23:26 +01:00:   syscall: 'listen',
2026-05-14 05:23:26 +01:00:   address: '::',
2026-05-14 05:23:26 +01:00:   port: 3001
2026-05-14 05:23:26 +01:00: }
2026-05-14 05:23:32 +01:00: ⨯ Failed to start server
2026-05-14 05:23:32 +01:00: Error: listen EADDRINUSE: address already in use :::3001
2026-05-14 05:23:32 +01:00:     at <unknown> (Error: listen EADDRINUSE: address already in use :::3001)
2026-05-14 05:23:32 +01:00:     at new Promise (<anonymous>) {
2026-05-14 05:23:32 +01:00:   code: 'EADDRINUSE',
2026-05-14 05:23:32 +01:00:   errno: -98,
2026-05-14 05:23:32 +01:00:   syscall: 'listen',
2026-05-14 05:23:32 +01:00:   address: '::',
2026-05-14 05:23:32 +01:00:   port: 3001
2026-05-14 05:23:32 +01:00: }
2026-05-14 05:23:37 +01:00: ⨯ Failed to start server
2026-05-14 05:23:37 +01:00: Error: listen EADDRINUSE: address already in use :::3001
2026-05-14 05:23:37 +01:00:     at <unknown> (Error: listen EADDRINUSE: address already in use :::3001)
2026-05-14 05:23:37 +01:00:     at new Promise (<anonymous>) {
2026-05-14 05:23:37 +01:00:   code: 'EADDRINUSE',
2026-05-14 05:23:37 +01:00:   errno: -98,
2026-05-14 05:23:37 +01:00:   syscall: 'listen',
2026-05-14 05:23:37 +01:00:   address: '::',
2026-05-14 05:23:37 +01:00:   port: 3001
2026-05-14 05:23:37 +01:00: }
